// Jest Snapshot v1, https://goo.gl/fbAQLP

exports[`Button - should pass all test cases the Button component renders correctly with required and optional props 1`] = `
<button
  class="wrapper dark medium"
  data-testid="test-button"
/>
`;
