// Jest Snapshot v1, https://goo.gl/fbAQLP

exports[`Link - should pass all test cases the Link component renders correctly with required and optional props 1`] = `
<span
  class="wrapper"
>
  test
</span>
`;
